// Jest Snapshot v1, https://goo.gl/fbAQLP

exports[`celebrationSelector filters out celebrate items it cannot render 1`] = `
Array [
  Object {
    "data": Array [
      Object {
        "adjectiveAttributeName": "alias consequuntur corporis",
        "adjectiveAttributeValue": "2",
        "celebrateableId": "2",
        "celebrateableType": "completed_step",
        "changedAttributeName": "sunt qui amet",
        "changedAttributeValue": "2018-01-07 00:00:00 UTC",
        "commentsCount": 38791,
        "id": "4",
        "liked": false,
        "likesCount": 66974,
        "objectDescription": "qui recusandae ut",
        "subjectPerson": Object {
          "firstName": "Roscoe",
          "id": "3",
          "lastName": "Johnson",
        },
        "subjectPersonName": "Hayden Zieme",
      },
    ],
    "date": "2018-01-07 00:00:00 UTC",
    "id": 0,
  },
  Object {
    "data": Array [
      Object {
        "adjectiveAttributeName": "alias consequuntur corporis",
        "adjectiveAttributeValue": "repellat ratione ut",
        "celebrateableId": "2",
        "celebrateableType": "community_challenge",
        "changedAttributeName": "completed_at",
        "changedAttributeValue": "2018-01-06 00:05:00 UTC",
        "commentsCount": 38791,
        "id": "9",
        "liked": false,
        "likesCount": 66974,
        "objectDescription": "qui recusandae ut",
        "subjectPerson": Object {
          "firstName": "Roscoe",
          "id": "3",
          "lastName": "Johnson",
        },
        "subjectPersonName": "Hayden Zieme",
      },
      Object {
        "adjectiveAttributeName": "alias consequuntur corporis",
        "adjectiveAttributeValue": "repellat ratione ut",
        "celebrateableId": "2",
        "celebrateableType": "community_challenge",
        "changedAttributeName": "accepted_at",
        "changedAttributeValue": "2018-01-06 00:04:00 UTC",
        "commentsCount": 38791,
        "id": "8",
        "liked": false,
        "likesCount": 66974,
        "objectDescription": "qui recusandae ut",
        "subjectPerson": Object {
          "firstName": "Roscoe",
          "id": "3",
          "lastName": "Johnson",
        },
        "subjectPersonName": "Hayden Zieme",
      },
    ],
    "date": "2018-01-06 00:05:00 UTC",
    "id": 1,
  },
  Object {
    "data": Array [
      Object {
        "adjectiveAttributeName": "alias consequuntur corporis",
        "adjectiveAttributeValue": "9",
        "celebrateableId": "2",
        "celebrateableType": "completed_interaction",
        "changedAttributeName": "sunt qui amet",
        "changedAttributeValue": "2018-01-05 00:00:00 UTC",
        "commentsCount": 38791,
        "id": "5",
        "liked": false,
        "likesCount": 66974,
        "objectDescription": "qui recusandae ut",
        "subjectPerson": Object {
          "firstName": "Roscoe",
          "id": "3",
          "lastName": "Johnson",
        },
        "subjectPersonName": "Hayden Zieme",
      },
    ],
    "date": "2018-01-05 00:00:00 UTC",
    "id": 2,
  },
  Object {
    "data": Array [
      Object {
        "adjectiveAttributeName": "alias consequuntur corporis",
        "adjectiveAttributeValue": "5",
        "celebrateableId": "2",
        "celebrateableType": "completed_interaction",
        "changedAttributeName": "sunt qui amet",
        "changedAttributeValue": "2018-01-02 00:23:00 UTC",
        "commentsCount": 38791,
        "id": "6",
        "liked": false,
        "likesCount": 66974,
        "objectDescription": "qui recusandae ut",
        "subjectPerson": Object {
          "firstName": "Roscoe",
          "id": "3",
          "lastName": "Johnson",
        },
        "subjectPersonName": "Hayden Zieme",
      },
      Object {
        "adjectiveAttributeName": "alias consequuntur corporis",
        "adjectiveAttributeValue": "11",
        "celebrateableId": "2",
        "celebrateableType": "completed_interaction",
        "changedAttributeName": "sunt qui amet",
        "changedAttributeValue": "2018-01-02 00:07:00 UTC",
        "commentsCount": 38791,
        "id": "3",
        "liked": false,
        "likesCount": 66974,
        "objectDescription": "qui recusandae ut",
        "subjectPerson": Object {
          "firstName": "Roscoe",
          "id": "3",
          "lastName": "Johnson",
        },
        "subjectPersonName": "Hayden Zieme",
      },
      Object {
        "adjectiveAttributeName": "alias consequuntur corporis",
        "adjectiveAttributeValue": "3",
        "celebrateableId": "2",
        "celebrateableType": "completed_interaction",
        "changedAttributeName": "sunt qui amet",
        "changedAttributeValue": "2018-01-02 00:00:00 UTC",
        "commentsCount": 38791,
        "id": "7",
        "liked": false,
        "likesCount": 66974,
        "objectDescription": "qui recusandae ut",
        "subjectPerson": Object {
          "firstName": "Roscoe",
          "id": "3",
          "lastName": "Johnson",
        },
        "subjectPersonName": "Hayden Zieme",
      },
    ],
    "date": "2018-01-02 00:23:00 UTC",
    "id": 3,
  },
  Object {
    "data": Array [
      Object {
        "adjectiveAttributeName": "alias consequuntur corporis",
        "adjectiveAttributeValue": "repellat ratione ut",
        "celebrateableId": "2",
        "celebrateableType": "joined_community",
        "changedAttributeName": "sunt qui amet",
        "changedAttributeValue": "2018-01-01 00:00:00 UTC",
        "commentsCount": 38791,
        "id": "1",
        "liked": false,
        "likesCount": 66974,
        "objectDescription": "qui recusandae ut",
        "subjectPerson": Object {
          "firstName": "Roscoe",
          "id": "3",
          "lastName": "Johnson",
        },
        "subjectPersonName": "Hayden Zieme",
      },
    ],
    "date": "2018-01-01 00:00:00 UTC",
    "id": 4,
  },
  Object {
    "data": Array [
      Object {
        "adjectiveAttributeName": "alias consequuntur corporis",
        "adjectiveAttributeValue": "4",
        "celebrateableId": "2",
        "celebrateableType": "completed_interaction",
        "changedAttributeName": "sunt qui amet",
        "changedAttributeValue": "2017-01-01 00:00:00 UTC",
        "commentsCount": 38791,
        "id": "2",
        "liked": false,
        "likesCount": 66974,
        "objectDescription": "qui recusandae ut",
        "subjectPerson": Object {
          "firstName": "Roscoe",
          "id": "3",
          "lastName": "Johnson",
        },
        "subjectPersonName": "Hayden Zieme",
      },
    ],
    "date": "2017-01-01 00:00:00 UTC",
    "id": 5,
  },
  Object {
    "data": Array [
      Object {
        "adjectiveAttributeName": "alias consequuntur corporis",
        "adjectiveAttributeValue": "repellat ratione ut",
        "celebrateableId": "2",
        "celebrateableType": "joined_community",
        "changedAttributeName": "created_at",
        "changedAttributeValue": "2016-12-25 00:09:00 UTC",
        "commentsCount": 38791,
        "id": "11",
        "liked": false,
        "likesCount": 66974,
        "objectDescription": "qui recusandae ut",
        "subjectPerson": Object {
          "firstName": "Roscoe",
          "id": "3",
          "lastName": "Johnson",
        },
        "subjectPersonName": "Hayden Zieme",
      },
      Object {
        "adjectiveAttributeName": "alias consequuntur corporis",
        "adjectiveAttributeValue": "repellat ratione ut",
        "celebrateableId": "2",
        "celebrateableType": "story",
        "changedAttributeName": "created_at",
        "changedAttributeValue": "2016-12-25 00:09:00 UTC",
        "commentsCount": 38791,
        "id": "12",
        "liked": false,
        "likesCount": 66974,
        "objectDescription": "qui recusandae ut",
        "subjectPerson": Object {
          "firstName": "Roscoe",
          "id": "3",
          "lastName": "Johnson",
        },
        "subjectPersonName": "Hayden Zieme",
      },
      Object {
        "adjectiveAttributeName": "alias consequuntur corporis",
        "adjectiveAttributeValue": "repellat ratione ut",
        "celebrateableId": "2",
        "celebrateableType": "created_community",
        "changedAttributeName": "created_at",
        "changedAttributeValue": "2016-12-25 00:02:00 UTC",
        "commentsCount": 38791,
        "id": "10",
        "liked": false,
        "likesCount": 66974,
        "objectDescription": "qui recusandae ut",
        "subjectPerson": Object {
          "firstName": "Roscoe",
          "id": "3",
          "lastName": "Johnson",
        },
        "subjectPersonName": "Hayden Zieme",
      },
    ],
    "date": "2016-12-25 00:09:00 UTC",
    "id": 6,
  },
]
`;

exports[`celebrationSelector sorts items into sections by date 1`] = `
Array [
  Object {
    "data": Array [
      Object {
        "adjectiveAttributeName": "alias consequuntur corporis",
        "adjectiveAttributeValue": "2",
        "celebrateableId": "2",
        "celebrateableType": "completed_step",
        "changedAttributeName": "sunt qui amet",
        "changedAttributeValue": "2018-01-07 00:00:00 UTC",
        "commentsCount": 38791,
        "id": "4",
        "liked": false,
        "likesCount": 66974,
        "objectDescription": "qui recusandae ut",
        "subjectPerson": Object {
          "firstName": "Roscoe",
          "id": "3",
          "lastName": "Johnson",
        },
        "subjectPersonName": "Hayden Zieme",
      },
    ],
    "date": "2018-01-07 00:00:00 UTC",
    "id": 0,
  },
  Object {
    "data": Array [
      Object {
        "adjectiveAttributeName": "alias consequuntur corporis",
        "adjectiveAttributeValue": "repellat ratione ut",
        "celebrateableId": "2",
        "celebrateableType": "community_challenge",
        "changedAttributeName": "completed_at",
        "changedAttributeValue": "2018-01-06 00:05:00 UTC",
        "commentsCount": 38791,
        "id": "9",
        "liked": false,
        "likesCount": 66974,
        "objectDescription": "qui recusandae ut",
        "subjectPerson": Object {
          "firstName": "Roscoe",
          "id": "3",
          "lastName": "Johnson",
        },
        "subjectPersonName": "Hayden Zieme",
      },
      Object {
        "adjectiveAttributeName": "alias consequuntur corporis",
        "adjectiveAttributeValue": "repellat ratione ut",
        "celebrateableId": "2",
        "celebrateableType": "community_challenge",
        "changedAttributeName": "accepted_at",
        "changedAttributeValue": "2018-01-06 00:04:00 UTC",
        "commentsCount": 38791,
        "id": "8",
        "liked": false,
        "likesCount": 66974,
        "objectDescription": "qui recusandae ut",
        "subjectPerson": Object {
          "firstName": "Roscoe",
          "id": "3",
          "lastName": "Johnson",
        },
        "subjectPersonName": "Hayden Zieme",
      },
    ],
    "date": "2018-01-06 00:05:00 UTC",
    "id": 1,
  },
  Object {
    "data": Array [
      Object {
        "adjectiveAttributeName": "alias consequuntur corporis",
        "adjectiveAttributeValue": "9",
        "celebrateableId": "2",
        "celebrateableType": "completed_interaction",
        "changedAttributeName": "sunt qui amet",
        "changedAttributeValue": "2018-01-05 00:00:00 UTC",
        "commentsCount": 38791,
        "id": "5",
        "liked": false,
        "likesCount": 66974,
        "objectDescription": "qui recusandae ut",
        "subjectPerson": Object {
          "firstName": "Roscoe",
          "id": "3",
          "lastName": "Johnson",
        },
        "subjectPersonName": "Hayden Zieme",
      },
    ],
    "date": "2018-01-05 00:00:00 UTC",
    "id": 2,
  },
  Object {
    "data": Array [
      Object {
        "adjectiveAttributeName": "alias consequuntur corporis",
        "adjectiveAttributeValue": "5",
        "celebrateableId": "2",
        "celebrateableType": "completed_interaction",
        "changedAttributeName": "sunt qui amet",
        "changedAttributeValue": "2018-01-02 00:23:00 UTC",
        "commentsCount": 38791,
        "id": "6",
        "liked": false,
        "likesCount": 66974,
        "objectDescription": "qui recusandae ut",
        "subjectPerson": Object {
          "firstName": "Roscoe",
          "id": "3",
          "lastName": "Johnson",
        },
        "subjectPersonName": "Hayden Zieme",
      },
      Object {
        "adjectiveAttributeName": "alias consequuntur corporis",
        "adjectiveAttributeValue": "11",
        "celebrateableId": "2",
        "celebrateableType": "completed_interaction",
        "changedAttributeName": "sunt qui amet",
        "changedAttributeValue": "2018-01-02 00:07:00 UTC",
        "commentsCount": 38791,
        "id": "3",
        "liked": false,
        "likesCount": 66974,
        "objectDescription": "qui recusandae ut",
        "subjectPerson": Object {
          "firstName": "Roscoe",
          "id": "3",
          "lastName": "Johnson",
        },
        "subjectPersonName": "Hayden Zieme",
      },
      Object {
        "adjectiveAttributeName": "alias consequuntur corporis",
        "adjectiveAttributeValue": "3",
        "celebrateableId": "2",
        "celebrateableType": "completed_interaction",
        "changedAttributeName": "sunt qui amet",
        "changedAttributeValue": "2018-01-02 00:00:00 UTC",
        "commentsCount": 38791,
        "id": "7",
        "liked": false,
        "likesCount": 66974,
        "objectDescription": "qui recusandae ut",
        "subjectPerson": Object {
          "firstName": "Roscoe",
          "id": "3",
          "lastName": "Johnson",
        },
        "subjectPersonName": "Hayden Zieme",
      },
    ],
    "date": "2018-01-02 00:23:00 UTC",
    "id": 3,
  },
  Object {
    "data": Array [
      Object {
        "adjectiveAttributeName": "alias consequuntur corporis",
        "adjectiveAttributeValue": "repellat ratione ut",
        "celebrateableId": "2",
        "celebrateableType": "joined_community",
        "changedAttributeName": "sunt qui amet",
        "changedAttributeValue": "2018-01-01 00:00:00 UTC",
        "commentsCount": 38791,
        "id": "1",
        "liked": false,
        "likesCount": 66974,
        "objectDescription": "qui recusandae ut",
        "subjectPerson": Object {
          "firstName": "Roscoe",
          "id": "3",
          "lastName": "Johnson",
        },
        "subjectPersonName": "Hayden Zieme",
      },
    ],
    "date": "2018-01-01 00:00:00 UTC",
    "id": 4,
  },
  Object {
    "data": Array [
      Object {
        "adjectiveAttributeName": "alias consequuntur corporis",
        "adjectiveAttributeValue": "4",
        "celebrateableId": "2",
        "celebrateableType": "completed_interaction",
        "changedAttributeName": "sunt qui amet",
        "changedAttributeValue": "2017-01-01 00:00:00 UTC",
        "commentsCount": 38791,
        "id": "2",
        "liked": false,
        "likesCount": 66974,
        "objectDescription": "qui recusandae ut",
        "subjectPerson": Object {
          "firstName": "Roscoe",
          "id": "3",
          "lastName": "Johnson",
        },
        "subjectPersonName": "Hayden Zieme",
      },
    ],
    "date": "2017-01-01 00:00:00 UTC",
    "id": 5,
  },
  Object {
    "data": Array [
      Object {
        "adjectiveAttributeName": "alias consequuntur corporis",
        "adjectiveAttributeValue": "repellat ratione ut",
        "celebrateableId": "2",
        "celebrateableType": "joined_community",
        "changedAttributeName": "created_at",
        "changedAttributeValue": "2016-12-25 00:09:00 UTC",
        "commentsCount": 38791,
        "id": "11",
        "liked": false,
        "likesCount": 66974,
        "objectDescription": "qui recusandae ut",
        "subjectPerson": Object {
          "firstName": "Roscoe",
          "id": "3",
          "lastName": "Johnson",
        },
        "subjectPersonName": "Hayden Zieme",
      },
      Object {
        "adjectiveAttributeName": "alias consequuntur corporis",
        "adjectiveAttributeValue": "repellat ratione ut",
        "celebrateableId": "2",
        "celebrateableType": "story",
        "changedAttributeName": "created_at",
        "changedAttributeValue": "2016-12-25 00:09:00 UTC",
        "commentsCount": 38791,
        "id": "12",
        "liked": false,
        "likesCount": 66974,
        "objectDescription": "qui recusandae ut",
        "subjectPerson": Object {
          "firstName": "Roscoe",
          "id": "3",
          "lastName": "Johnson",
        },
        "subjectPersonName": "Hayden Zieme",
      },
      Object {
        "adjectiveAttributeName": "alias consequuntur corporis",
        "adjectiveAttributeValue": "repellat ratione ut",
        "celebrateableId": "2",
        "celebrateableType": "created_community",
        "changedAttributeName": "created_at",
        "changedAttributeValue": "2016-12-25 00:02:00 UTC",
        "commentsCount": 38791,
        "id": "10",
        "liked": false,
        "likesCount": 66974,
        "objectDescription": "qui recusandae ut",
        "subjectPerson": Object {
          "firstName": "Roscoe",
          "id": "3",
          "lastName": "Johnson",
        },
        "subjectPersonName": "Hayden Zieme",
      },
    ],
    "date": "2016-12-25 00:09:00 UTC",
    "id": 6,
  },
]
`;
