// Jest Snapshot v1, https://goo.gl/fbAQLP

exports[`renders correctly 1`] = `
<View
  style={
    Object {
      "backgroundColor": "#ffffff",
      "flex": 1,
    }
  }
>
  <View
    style={
      Array [
        Array [
          Object {
            "backgroundColor": "#007398",
            "height": 65,
            "paddingTop": 20,
          },
          Object {
            "elevation": 4,
          },
        ],
        Object {
          "flexDirection": "row",
        },
      ]
    }
  >
    <View
      style={
        Array [
          Object {
            "marginTop": 0,
            "paddingLeft": 5,
          },
          Object {
            "alignItems": "flex-start",
            "flex": 1,
            "justifyContent": "center",
          },
        ]
      }
    >
      <View
        style={
          Array [
            Array [
              null,
              null,
            ],
            Object {
              "alignItems": "flex-start",
              "alignSelf": "flex-start",
              "justifyContent": "center",
            },
          ]
        }
      >
        <View
          accessibilityComponentType={undefined}
          accessibilityLabel={undefined}
          accessibilityTraits="button"
          accessible={true}
          collapsable={undefined}
          hasTVPreferredFocus={undefined}
          hitSlop={undefined}
          isTVSelectable={true}
          nativeID={undefined}
          onLayout={undefined}
          onResponderGrant={[Function]}
          onResponderMove={[Function]}
          onResponderRelease={[Function]}
          onResponderTerminate={[Function]}
          onResponderTerminationRequest={[Function]}
          onStartShouldSetResponder={[Function]}
          style={
            Object {
              "opacity": 1,
            }
          }
          testID={undefined}
          tvParallaxProperties={undefined}
        >
          <View
            style={
              Array [
                Object {
                  "backgroundColor": "transparent",
                },
                null,
                Object {},
                null,
              ]
            }
          >
            <Text
              accessible={true}
              allowFontScaling={false}
              ellipsizeMode="tail"
              style={
                Array [
                  Object {
                    "color": undefined,
                    "fontSize": 12,
                  },
                  Array [
                    Object {
                      "color": "#ffffff",
                    },
                    Object {
                      "fontSize": 18,
                    },
                    Array [
                      Object {
                        "margin": 10,
                      },
                      Object {},
                    ],
                  ],
                  Object {
                    "fontFamily": "icomoon",
                    "fontStyle": "normal",
                    "fontWeight": "normal",
                  },
                ]
              }
            >
              
            </Text>
          </View>
        </View>
      </View>
    </View>
    <View
      style={
        Array [
          Object {
            "marginTop": 0,
          },
          Object {
            "alignItems": "center",
            "flex": 4,
            "justifyContent": "center",
          },
        ]
      }
    >
      <Text
        accessible={true}
        allowFontScaling={true}
        ellipsizeMode="tail"
        numberOfLines={1}
        style={
          Array [
            Object {
              "color": "#505256",
            },
            Object {
              "fontFamily": "SourceSansPro-Regular",
            },
            Object {
              "color": "white",
              "fontSize": 14,
              "fontWeight": "500",
            },
          ]
        }
      >
        Filter
      </Text>
    </View>
    <View
      style={
        Array [
          Object {
            "marginTop": 0,
            "paddingRight": 5,
          },
          Object {
            "alignItems": "flex-end",
            "flex": 1,
            "justifyContent": "center",
          },
        ]
      }
    />
  </View>
  <RCTScrollView
    refreshControl={
      <MyRefreshControl
        colors={
          Array [
            "#ffffff",
            "#52C5DC",
          ]
        }
        onRefresh={[Function]}
        progressBackgroundColor="#007398"
        refreshing={false}
        tintColor="#007398"
      />
    }
    style={
      Object {
        "flex": 1,
      }
    }
  >
    <RCTRefreshControl />
    <View>
      <View
        accessibilityComponentType={undefined}
        accessibilityLabel={undefined}
        accessibilityTraits="button"
        accessible={true}
        hasTVPreferredFocus={undefined}
        hitSlop={undefined}
        isTVSelectable={true}
        nativeID={undefined}
        onLayout={undefined}
        onResponderGrant={[Function]}
        onResponderMove={[Function]}
        onResponderRelease={[Function]}
        onResponderTerminate={[Function]}
        onResponderTerminationRequest={[Function]}
        onStartShouldSetResponder={[Function]}
        style={null}
        testID={undefined}
        tvParallaxProperties={undefined}
      >
        <View
          style={
            Array [
              Array [
                Object {
                  "backgroundColor": "#ffffff",
                  "borderBottomColor": "#E6E8EC",
                  "borderBottomWidth": 1,
                  "padding": 13,
                },
                null,
              ],
              Object {
                "alignItems": "center",
                "flexDirection": "row",
              },
            ]
          }
        >
          <Text
            accessible={true}
            allowFontScaling={true}
            ellipsizeMode="tail"
            style={
              Array [
                Object {
                  "color": "#505256",
                },
                Object {
                  "fontFamily": "SourceSansPro-Regular",
                },
                Object {
                  "flex": 1,
                  "fontSize": 14,
                },
              ]
            }
          >
            Ministry
          </Text>
          <View
            style={
              Array [
                Object {},
                Object {
                  "alignItems": "center",
                  "flexDirection": "row",
                },
              ]
            }
          >
            <Text
              accessible={true}
              allowFontScaling={true}
              ellipsizeMode="tail"
              numberOfLines={1}
              style={
                Array [
                  Object {
                    "color": "#505256",
                  },
                  Object {
                    "fontFamily": "SourceSansPro-Regular",
                  },
                  Object {
                    "color": "#B2B0B2",
                    "fontSize": 14,
                    "paddingRight": 16,
                    "textAlign": "right",
                    "width": 375,
                  },
                ]
              }
            >
              Test 1
            </Text>
            <Text
              accessible={true}
              allowFontScaling={false}
              ellipsizeMode="tail"
              style={
                Array [
                  Object {
                    "color": undefined,
                    "fontSize": 12,
                  },
                  Array [
                    Object {
                      "color": "#ffffff",
                    },
                    Object {
                      "fontSize": 18,
                    },
                    Object {
                      "color": "#B2B0B2",
                      "fontSize": 18,
                      "paddingRight": 10,
                    },
                  ],
                  Object {
                    "fontFamily": "icomoon",
                    "fontStyle": "normal",
                    "fontWeight": "normal",
                  },
                ]
              }
            >
              
            </Text>
          </View>
        </View>
      </View>
      <View
        accessibilityComponentType={undefined}
        accessibilityLabel={undefined}
        accessibilityTraits="button"
        accessible={true}
        hasTVPreferredFocus={undefined}
        hitSlop={undefined}
        isTVSelectable={true}
        nativeID={undefined}
        onLayout={undefined}
        onResponderGrant={[Function]}
        onResponderMove={[Function]}
        onResponderRelease={[Function]}
        onResponderTerminate={[Function]}
        onResponderTerminationRequest={[Function]}
        onStartShouldSetResponder={[Function]}
        style={null}
        testID={undefined}
        tvParallaxProperties={undefined}
      >
        <View
          style={
            Array [
              Array [
                Object {
                  "backgroundColor": "#ffffff",
                  "borderBottomColor": "#E6E8EC",
                  "borderBottomWidth": 1,
                  "padding": 13,
                },
                null,
              ],
              Object {
                "alignItems": "center",
                "flexDirection": "row",
              },
            ]
          }
        >
          <Text
            accessible={true}
            allowFontScaling={true}
            ellipsizeMode="tail"
            style={
              Array [
                Object {
                  "color": "#505256",
                },
                Object {
                  "fontFamily": "SourceSansPro-Regular",
                },
                Object {
                  "flex": 1,
                  "fontSize": 14,
                },
              ]
            }
          >
            Labels
          </Text>
          <View
            style={
              Array [
                Object {},
                Object {
                  "alignItems": "center",
                  "flexDirection": "row",
                },
              ]
            }
          >
            <Text
              accessible={true}
              allowFontScaling={true}
              ellipsizeMode="tail"
              numberOfLines={1}
              style={
                Array [
                  Object {
                    "color": "#505256",
                  },
                  Object {
                    "fontFamily": "SourceSansPro-Regular",
                  },
                  Object {
                    "color": "#B2B0B2",
                    "fontSize": 14,
                    "paddingRight": 16,
                    "textAlign": "right",
                    "width": 375,
                  },
                ]
              }
            >
              Any
            </Text>
            <Text
              accessible={true}
              allowFontScaling={false}
              ellipsizeMode="tail"
              style={
                Array [
                  Object {
                    "color": undefined,
                    "fontSize": 12,
                  },
                  Array [
                    Object {
                      "color": "#ffffff",
                    },
                    Object {
                      "fontSize": 18,
                    },
                    Object {
                      "color": "#B2B0B2",
                      "fontSize": 18,
                      "paddingRight": 10,
                    },
                  ],
                  Object {
                    "fontFamily": "icomoon",
                    "fontStyle": "normal",
                    "fontWeight": "normal",
                  },
                ]
              }
            >
              
            </Text>
          </View>
        </View>
      </View>
      <View
        accessibilityComponentType={undefined}
        accessibilityLabel={undefined}
        accessibilityTraits="button"
        accessible={true}
        hasTVPreferredFocus={undefined}
        hitSlop={undefined}
        isTVSelectable={true}
        nativeID={undefined}
        onLayout={undefined}
        onResponderGrant={[Function]}
        onResponderMove={[Function]}
        onResponderRelease={[Function]}
        onResponderTerminate={[Function]}
        onResponderTerminationRequest={[Function]}
        onStartShouldSetResponder={[Function]}
        style={null}
        testID={undefined}
        tvParallaxProperties={undefined}
      >
        <View
          style={
            Array [
              Array [
                Object {
                  "backgroundColor": "#ffffff",
                  "borderBottomColor": "#E6E8EC",
                  "borderBottomWidth": 1,
                  "padding": 13,
                },
                null,
              ],
              Object {
                "alignItems": "center",
                "flexDirection": "row",
              },
            ]
          }
        >
          <Text
            accessible={true}
            allowFontScaling={true}
            ellipsizeMode="tail"
            style={
              Array [
                Object {
                  "color": "#505256",
                },
                Object {
                  "fontFamily": "SourceSansPro-Regular",
                },
                Object {
                  "flex": 1,
                  "fontSize": 14,
                },
              ]
            }
          >
            Groups
          </Text>
          <View
            style={
              Array [
                Object {},
                Object {
                  "alignItems": "center",
                  "flexDirection": "row",
                },
              ]
            }
          >
            <Text
              accessible={true}
              allowFontScaling={true}
              ellipsizeMode="tail"
              numberOfLines={1}
              style={
                Array [
                  Object {
                    "color": "#505256",
                  },
                  Object {
                    "fontFamily": "SourceSansPro-Regular",
                  },
                  Object {
                    "color": "#B2B0B2",
                    "fontSize": 14,
                    "paddingRight": 16,
                    "textAlign": "right",
                    "width": 375,
                  },
                ]
              }
            >
              Any
            </Text>
            <Text
              accessible={true}
              allowFontScaling={false}
              ellipsizeMode="tail"
              style={
                Array [
                  Object {
                    "color": undefined,
                    "fontSize": 12,
                  },
                  Array [
                    Object {
                      "color": "#ffffff",
                    },
                    Object {
                      "fontSize": 18,
                    },
                    Object {
                      "color": "#B2B0B2",
                      "fontSize": 18,
                      "paddingRight": 10,
                    },
                  ],
                  Object {
                    "fontFamily": "icomoon",
                    "fontStyle": "normal",
                    "fontWeight": "normal",
                  },
                ]
              }
            >
              
            </Text>
          </View>
        </View>
      </View>
      <View
        accessibilityComponentType={undefined}
        accessibilityLabel={undefined}
        accessibilityTraits="button"
        accessible={true}
        hasTVPreferredFocus={undefined}
        hitSlop={undefined}
        isTVSelectable={true}
        nativeID={undefined}
        onLayout={undefined}
        onResponderGrant={[Function]}
        onResponderMove={[Function]}
        onResponderRelease={[Function]}
        onResponderTerminate={[Function]}
        onResponderTerminationRequest={[Function]}
        onStartShouldSetResponder={[Function]}
        style={null}
        testID={undefined}
        tvParallaxProperties={undefined}
      >
        <View
          style={
            Array [
              Array [
                Object {
                  "backgroundColor": "#ffffff",
                  "borderBottomColor": "#E6E8EC",
                  "borderBottomWidth": 1,
                  "padding": 13,
                },
                null,
              ],
              Object {
                "alignItems": "center",
                "flexDirection": "row",
              },
            ]
          }
        >
          <Text
            accessible={true}
            allowFontScaling={true}
            ellipsizeMode="tail"
            style={
              Array [
                Object {
                  "color": "#505256",
                },
                Object {
                  "fontFamily": "SourceSansPro-Regular",
                },
                Object {
                  "flex": 1,
                  "fontSize": 14,
                },
              ]
            }
          >
            Gender
          </Text>
          <View
            style={
              Array [
                Object {},
                Object {
                  "alignItems": "center",
                  "flexDirection": "row",
                },
              ]
            }
          >
            <Text
              accessible={true}
              allowFontScaling={true}
              ellipsizeMode="tail"
              numberOfLines={1}
              style={
                Array [
                  Object {
                    "color": "#505256",
                  },
                  Object {
                    "fontFamily": "SourceSansPro-Regular",
                  },
                  Object {
                    "color": "#B2B0B2",
                    "fontSize": 14,
                    "paddingRight": 16,
                    "textAlign": "right",
                    "width": 375,
                  },
                ]
              }
            >
              Any
            </Text>
            <Text
              accessible={true}
              allowFontScaling={false}
              ellipsizeMode="tail"
              style={
                Array [
                  Object {
                    "color": undefined,
                    "fontSize": 12,
                  },
                  Array [
                    Object {
                      "color": "#ffffff",
                    },
                    Object {
                      "fontSize": 18,
                    },
                    Object {
                      "color": "#B2B0B2",
                      "fontSize": 18,
                      "paddingRight": 10,
                    },
                  ],
                  Object {
                    "fontFamily": "icomoon",
                    "fontStyle": "normal",
                    "fontWeight": "normal",
                  },
                ]
              }
            >
              
            </Text>
          </View>
        </View>
      </View>
      <View
        accessibilityComponentType={undefined}
        accessibilityLabel={undefined}
        accessibilityTraits="button"
        accessible={true}
        hasTVPreferredFocus={undefined}
        hitSlop={undefined}
        isTVSelectable={true}
        nativeID={undefined}
        onLayout={undefined}
        onResponderGrant={[Function]}
        onResponderMove={[Function]}
        onResponderRelease={[Function]}
        onResponderTerminate={[Function]}
        onResponderTerminationRequest={[Function]}
        onStartShouldSetResponder={[Function]}
        style={null}
        testID={undefined}
        tvParallaxProperties={undefined}
      >
        <View
          style={
            Array [
              Array [
                Object {
                  "backgroundColor": "#ffffff",
                  "borderBottomColor": "#E6E8EC",
                  "borderBottomWidth": 1,
                  "padding": 13,
                },
                null,
              ],
              Object {
                "alignItems": "center",
                "flexDirection": "row",
              },
            ]
          }
        >
          <Text
            accessible={true}
            allowFontScaling={true}
            ellipsizeMode="tail"
            style={
              Array [
                Object {
                  "color": "#505256",
                },
                Object {
                  "fontFamily": "SourceSansPro-Regular",
                },
                Object {
                  "flex": 1,
                  "fontSize": 14,
                },
              ]
            }
          >
            Survey
          </Text>
          <View
            style={
              Array [
                Object {},
                Object {
                  "alignItems": "center",
                  "flexDirection": "row",
                },
              ]
            }
          >
            <Text
              accessible={true}
              allowFontScaling={true}
              ellipsizeMode="tail"
              numberOfLines={1}
              style={
                Array [
                  Object {
                    "color": "#505256",
                  },
                  Object {
                    "fontFamily": "SourceSansPro-Regular",
                  },
                  Object {
                    "color": "#B2B0B2",
                    "fontSize": 14,
                    "paddingRight": 16,
                    "textAlign": "right",
                    "width": 375,
                  },
                ]
              }
            >
              Any
            </Text>
            <Text
              accessible={true}
              allowFontScaling={false}
              ellipsizeMode="tail"
              style={
                Array [
                  Object {
                    "color": undefined,
                    "fontSize": 12,
                  },
                  Array [
                    Object {
                      "color": "#ffffff",
                    },
                    Object {
                      "fontSize": 18,
                    },
                    Object {
                      "color": "#B2B0B2",
                      "fontSize": 18,
                      "paddingRight": 10,
                    },
                  ],
                  Object {
                    "fontFamily": "icomoon",
                    "fontStyle": "normal",
                    "fontWeight": "normal",
                  },
                ]
              }
            >
              
            </Text>
          </View>
        </View>
      </View>
      <View
        style={
          Array [
            Array [
              Object {
                "backgroundColor": "#ffffff",
                "borderBottomColor": "#E6E8EC",
                "borderBottomWidth": 1,
                "padding": 13,
              },
              Object {
                "paddingVertical": 7,
              },
            ],
            Object {
              "alignItems": "center",
              "flexDirection": "row",
            },
          ]
        }
      >
        <Text
          accessible={true}
          allowFontScaling={true}
          ellipsizeMode="tail"
          style={
            Array [
              Object {
                "color": "#505256",
              },
              Object {
                "fontFamily": "SourceSansPro-Regular",
              },
              Object {
                "flex": 1,
                "fontSize": 14,
              },
            ]
          }
        >
          Unassigned
        </Text>
      </View>
      <View
        style={
          Array [
            Array [
              Object {
                "backgroundColor": "#ffffff",
                "borderBottomColor": "#E6E8EC",
                "borderBottomWidth": 1,
                "padding": 13,
              },
              Object {
                "paddingVertical": 7,
              },
            ],
            Object {
              "alignItems": "center",
              "flexDirection": "row",
            },
          ]
        }
      >
        <Text
          accessible={true}
          allowFontScaling={true}
          ellipsizeMode="tail"
          style={
            Array [
              Object {
                "color": "#505256",
              },
              Object {
                "fontFamily": "SourceSansPro-Regular",
              },
              Object {
                "flex": 1,
                "fontSize": 14,
              },
            ]
          }
        >
          Include Archived Contacts
        </Text>
      </View>
    </View>
  </RCTScrollView>
</View>
`;
