// Jest Snapshot v1, https://goo.gl/fbAQLP

exports[`renders correctly as Casey 1`] = `
<View
  style={
    Object {
      "flex": 1,
    }
  }
>
  <View
    style={
      Array [
        Array [
          Object {
            "backgroundColor": "#007398",
            "height": 65,
            "paddingTop": 20,
          },
          Object {
            "elevation": 4,
          },
        ],
        Object {
          "flexDirection": "row",
        },
      ]
    }
  >
    <View
      style={
        Array [
          Object {
            "paddingLeft": 5,
          },
          Object {
            "alignItems": "flex-start",
            "flex": 1,
            "justifyContent": "center",
          },
        ]
      }
    >
      <View
        accessibilityComponentType={undefined}
        accessibilityLabel={undefined}
        accessibilityTraits="button"
        accessible={true}
        collapsable={undefined}
        hitSlop={undefined}
        isTVSelectable={true}
        nativeID={undefined}
        onLayout={undefined}
        onResponderGrant={[Function]}
        onResponderMove={[Function]}
        onResponderRelease={[Function]}
        onResponderTerminate={[Function]}
        onResponderTerminationRequest={[Function]}
        onStartShouldSetResponder={[Function]}
        style={
          Object {
            "opacity": 1,
          }
        }
        testID={undefined}
        tvParallaxProperties={undefined}
      >
        <View
          style={
            Array [
              Object {
                "backgroundColor": "transparent",
              },
              null,
              Object {},
              null,
            ]
          }
        >
          <Text
            accessible={true}
            allowFontScaling={false}
            ellipsizeMode="tail"
            style={
              Array [
                Object {
                  "color": undefined,
                  "fontSize": 12,
                },
                Array [
                  Object {
                    "color": "#ffffff",
                  },
                  Object {
                    "fontSize": 18,
                  },
                  Array [
                    Object {
                      "margin": 10,
                    },
                    Object {},
                  ],
                ],
                Object {
                  "fontFamily": "icomoon",
                  "fontStyle": "normal",
                  "fontWeight": "normal",
                },
              ]
            }
          >
            
          </Text>
        </View>
      </View>
    </View>
    <View
      style={
        Array [
          Object {},
          Object {
            "alignItems": "center",
            "flex": 4,
            "justifyContent": "center",
          },
        ]
      }
    >
      <Text
        accessible={true}
        allowFontScaling={true}
        ellipsizeMode="tail"
        numberOfLines={1}
        style={
          Array [
            Object {
              "color": "#505256",
            },
            Object {
              "fontFamily": "SourceSansPro-Regular",
            },
            Object {
              "color": "white",
              "fontSize": 14,
              "fontWeight": "500",
            },
          ]
        }
      >
        STEPS OF FAITH
      </Text>
    </View>
    <View
      style={
        Array [
          Object {
            "paddingRight": 5,
          },
          Object {
            "alignItems": "flex-end",
            "flex": 1,
            "justifyContent": "center",
          },
        ]
      }
    />
  </View>
  <RCTScrollView
    contentContainerStyle={
      Array [
        Object {
          "backgroundColor": "#ffffff",
        },
        Object {
          "flex": 1,
        },
      ]
    }
    onScroll={[Function]}
    refreshControl={
      <MyRefreshControl
        colors={
          Array [
            "#ffffff",
            "#52C5DC",
          ]
        }
        onRefresh={[Function]}
        progressBackgroundColor="#007398"
        refreshing={false}
        tintColor="#007398"
      />
    }
    scrollEventThrottle={16}
    style={
      Array [
        Object {
          "flex": 1,
        },
        Object {
          "backgroundColor": "#ffffff",
        },
      ]
    }
  >
    <RCTRefreshControl />
    <View>
      <View
        style={
          Array [
            Object {
              "paddingTop": 50,
            },
            Object {
              "alignItems": "center",
              "justifyContent": "center",
            },
          ]
        }
      >
        <Image
          source={
            Object {
              "testUri": "../../../assets/images/footprints.png",
            }
          }
        />
        <Text
          accessible={true}
          allowFontScaling={true}
          ellipsizeMode="tail"
          style={
            Array [
              Object {
                "color": "#505256",
              },
              Object {
                "fontFamily": "AmaticSC-Bold",
              },
              Object {
                "color": "#007398",
                "fontSize": 42,
                "paddingTop": 10,
              },
            ]
          }
        >
          steps of faith
        </Text>
        <Text
          accessible={true}
          allowFontScaling={true}
          ellipsizeMode="tail"
          style={
            Array [
              Object {
                "color": "#505256",
              },
              Object {
                "fontFamily": "SourceSansPro-Regular",
              },
              Object {
                "color": "#505256",
                "fontSize": 16,
                "paddingHorizontal": 70,
                "paddingVertical": 10,
                "textAlign": "center",
              },
            ]
          }
        >
          You don't have any steps of faith.
Choose a person in People view and add some new steps.
        </Text>
      </View>
    </View>
  </RCTScrollView>
</View>
`;

exports[`renders correctly as Jean 1`] = `
<View
  style={
    Object {
      "flex": 1,
    }
  }
>
  <View
    style={
      Array [
        Array [
          Object {
            "backgroundColor": "#007398",
            "height": 65,
            "paddingTop": 20,
          },
          Object {
            "elevation": 4,
          },
        ],
        Object {
          "flexDirection": "row",
        },
      ]
    }
  >
    <View
      style={
        Array [
          Object {
            "paddingLeft": 5,
          },
          Object {
            "alignItems": "flex-start",
            "flex": 1,
            "justifyContent": "center",
          },
        ]
      }
    >
      <View
        accessibilityComponentType={undefined}
        accessibilityLabel={undefined}
        accessibilityTraits="button"
        accessible={true}
        collapsable={undefined}
        hitSlop={undefined}
        isTVSelectable={true}
        nativeID={undefined}
        onLayout={undefined}
        onResponderGrant={[Function]}
        onResponderMove={[Function]}
        onResponderRelease={[Function]}
        onResponderTerminate={[Function]}
        onResponderTerminationRequest={[Function]}
        onStartShouldSetResponder={[Function]}
        style={
          Object {
            "opacity": 1,
          }
        }
        testID={undefined}
        tvParallaxProperties={undefined}
      >
        <View
          style={
            Array [
              Object {
                "backgroundColor": "transparent",
              },
              null,
              Object {},
              null,
            ]
          }
        >
          <Text
            accessible={true}
            allowFontScaling={false}
            ellipsizeMode="tail"
            style={
              Array [
                Object {
                  "color": undefined,
                  "fontSize": 12,
                },
                Array [
                  Object {
                    "color": "#ffffff",
                  },
                  Object {
                    "fontSize": 18,
                  },
                  Array [
                    Object {
                      "margin": 10,
                    },
                    Object {},
                  ],
                ],
                Object {
                  "fontFamily": "icomoon",
                  "fontStyle": "normal",
                  "fontWeight": "normal",
                },
              ]
            }
          >
            
          </Text>
        </View>
      </View>
    </View>
    <View
      style={
        Array [
          Object {},
          Object {
            "alignItems": "center",
            "flex": 4,
            "justifyContent": "center",
          },
        ]
      }
    >
      <Text
        accessible={true}
        allowFontScaling={true}
        ellipsizeMode="tail"
        numberOfLines={1}
        style={
          Array [
            Object {
              "color": "#505256",
            },
            Object {
              "fontFamily": "SourceSansPro-Regular",
            },
            Object {
              "color": "white",
              "fontSize": 14,
              "fontWeight": "500",
            },
          ]
        }
      >
        STEPS OF FAITH
      </Text>
    </View>
    <View
      style={
        Array [
          Object {
            "paddingRight": 5,
          },
          Object {
            "alignItems": "flex-end",
            "flex": 1,
            "justifyContent": "center",
          },
        ]
      }
    >
      <View
        accessibilityComponentType={undefined}
        accessibilityLabel={undefined}
        accessibilityTraits="button"
        accessible={true}
        collapsable={undefined}
        hitSlop={undefined}
        isTVSelectable={true}
        nativeID={undefined}
        onLayout={undefined}
        onResponderGrant={[Function]}
        onResponderMove={[Function]}
        onResponderRelease={[Function]}
        onResponderTerminate={[Function]}
        onResponderTerminationRequest={[Function]}
        onStartShouldSetResponder={[Function]}
        style={
          Object {
            "opacity": 1,
          }
        }
        testID={undefined}
        tvParallaxProperties={undefined}
      >
        <View
          style={
            Array [
              Object {
                "backgroundColor": "transparent",
              },
              null,
              Object {},
              null,
            ]
          }
        >
          <Text
            accessible={true}
            allowFontScaling={false}
            ellipsizeMode="tail"
            style={
              Array [
                Object {
                  "color": undefined,
                  "fontSize": 12,
                },
                Array [
                  Object {
                    "color": "#ffffff",
                  },
                  Object {
                    "fontSize": 18,
                  },
                  Array [
                    Object {
                      "margin": 10,
                    },
                    Object {},
                  ],
                ],
                Object {
                  "fontFamily": "icomoon",
                  "fontStyle": "normal",
                  "fontWeight": "normal",
                },
              ]
            }
          >
            
          </Text>
        </View>
      </View>
    </View>
  </View>
  <RCTScrollView
    contentContainerStyle={
      Array [
        Object {
          "backgroundColor": "#ffffff",
        },
        Object {
          "flex": 1,
        },
      ]
    }
    onScroll={[Function]}
    refreshControl={
      <MyRefreshControl
        colors={
          Array [
            "#ffffff",
            "#52C5DC",
          ]
        }
        onRefresh={[Function]}
        progressBackgroundColor="#007398"
        refreshing={false}
        tintColor="#007398"
      />
    }
    scrollEventThrottle={16}
    style={
      Array [
        Object {
          "flex": 1,
        },
        Object {
          "backgroundColor": "#ffffff",
        },
      ]
    }
  >
    <RCTRefreshControl />
    <View>
      <View
        style={
          Array [
            Object {
              "paddingTop": 50,
            },
            Object {
              "alignItems": "center",
              "justifyContent": "center",
            },
          ]
        }
      >
        <Image
          source={
            Object {
              "testUri": "../../../assets/images/footprints.png",
            }
          }
        />
        <Text
          accessible={true}
          allowFontScaling={true}
          ellipsizeMode="tail"
          style={
            Array [
              Object {
                "color": "#505256",
              },
              Object {
                "fontFamily": "AmaticSC-Bold",
              },
              Object {
                "color": "#007398",
                "fontSize": 42,
                "paddingTop": 10,
              },
            ]
          }
        >
          steps of faith
        </Text>
        <Text
          accessible={true}
          allowFontScaling={true}
          ellipsizeMode="tail"
          style={
            Array [
              Object {
                "color": "#505256",
              },
              Object {
                "fontFamily": "SourceSansPro-Regular",
              },
              Object {
                "color": "#505256",
                "fontSize": 16,
                "paddingHorizontal": 70,
                "paddingVertical": 10,
                "textAlign": "center",
              },
            ]
          }
        >
          You don't have any steps of faith.
Choose a person in People view and add some new steps.
        </Text>
      </View>
    </View>
  </RCTScrollView>
</View>
`;
